edges
| test.c:31:35:31:39 | input | test.c:31:35:31:39 | input indirection |
| test.c:31:35:31:39 | input | test.c:31:35:31:39 | input indirection |
| test.c:31:35:31:39 | input indirection | test.c:31:35:31:39 | input |
| test.c:31:35:31:39 | input indirection | test.c:32:10:32:14 | input |
| test.c:31:35:31:39 | input indirection | test.c:32:10:32:14 | input |
| test.c:32:10:32:14 | input | test.c:32:10:32:14 | input |
| test.c:32:10:32:14 | input | test.c:32:10:32:14 | input |
| test.c:32:10:32:14 | input | test.c:32:28:32:32 | input |
| test.c:32:10:32:14 | input | test.c:32:28:32:32 | input |
| test.c:32:28:32:32 | input | test.c:32:28:32:32 | input |
| test.c:32:28:32:32 | input | test.c:32:28:32:32 | input |
| test.c:32:28:32:32 | input | test.c:33:10:33:14 | input |
| test.c:32:28:32:32 | input | test.c:33:10:33:14 | input |
| test.c:33:10:33:14 | input | test.c:33:10:33:14 | input |
| test.c:33:10:33:14 | input | test.c:33:10:33:14 | input |
| test.c:36:48:36:52 | input | test.c:36:48:36:52 | input indirection |
| test.c:36:48:36:52 | input | test.c:36:48:36:52 | input indirection |
| test.c:36:48:36:52 | input indirection | test.c:36:48:36:52 | input |
| test.c:36:48:36:52 | input indirection | test.c:38:10:38:14 | input |
| test.c:36:48:36:52 | input indirection | test.c:38:10:38:14 | input |
| test.c:38:10:38:14 | input | test.c:38:10:38:14 | input |
| test.c:38:10:38:14 | input | test.c:38:10:38:14 | input |
| test.c:38:10:38:14 | input | test.c:38:28:38:32 | input |
| test.c:38:10:38:14 | input | test.c:38:28:38:32 | input |
| test.c:38:28:38:32 | input | test.c:38:28:38:32 | input |
| test.c:38:28:38:32 | input | test.c:38:28:38:32 | input |
| test.c:38:28:38:32 | input | test.c:39:10:39:14 | input |
| test.c:38:28:38:32 | input | test.c:39:10:39:14 | input |
| test.c:39:10:39:14 | input | test.c:39:10:39:14 | input |
| test.c:39:10:39:14 | input | test.c:39:10:39:14 | input |
| test.c:39:10:39:14 | input | test.c:40:19:40:23 | input |
| test.c:39:10:39:14 | input | test.c:40:19:40:23 | input |
| test.c:40:19:40:23 | input | test.c:31:35:31:39 | input |
| test.c:40:19:40:23 | input | test.c:31:35:31:39 | input |
| test.c:40:19:40:23 | input | test.c:40:19:40:23 | input |
| test.c:40:19:40:23 | input | test.c:40:19:40:23 | input |
| test.c:40:19:40:23 | input | test.c:45:22:45:26 | input |
| test.c:45:3:45:27 | ... = ... | test.c:46:10:46:14 | input |
| test.c:45:11:45:20 | call to lock_input | test.c:45:3:45:27 | ... = ... |
| test.c:45:22:45:26 | input | test.c:45:22:45:26 | input |
| test.c:46:10:46:14 | input | test.c:46:10:46:14 | input |
| test.c:46:10:46:14 | input | test.c:46:28:46:32 | input |
| test.c:46:28:46:32 | input | test.c:46:28:46:32 | input |
| test.c:46:28:46:32 | input | test.c:47:10:47:14 | input |
| test.c:47:10:47:14 | input | test.c:47:10:47:14 | input |
| test.c:47:10:47:14 | input | test.c:48:19:48:23 | input |
| test.c:48:19:48:23 | input | test.c:31:35:31:39 | input |
| test.c:48:19:48:23 | input | test.c:48:19:48:23 | input |
| test.c:48:19:48:23 | input | test.c:51:12:51:16 | input |
| test.c:48:19:48:23 | input | test.c:55:21:55:25 | input |
| test.c:48:19:48:23 | input | test.c:58:7:58:17 | Phi |
| test.c:51:12:51:16 | input | test.c:51:12:51:16 | input |
| test.c:51:12:51:16 | input | test.c:51:30:51:34 | input |
| test.c:51:30:51:34 | input | test.c:51:30:51:34 | input |
| test.c:51:30:51:34 | input | test.c:52:12:52:16 | input |
| test.c:52:12:52:16 | input | test.c:52:12:52:16 | input |
| test.c:52:12:52:16 | input | test.c:58:7:58:17 | Phi |
| test.c:55:21:55:25 | input | test.c:31:35:31:39 | input |
| test.c:55:21:55:25 | input | test.c:55:21:55:25 | input |
| test.c:55:21:55:25 | input | test.c:58:7:58:17 | Phi |
| test.c:58:7:58:17 | Phi | test.c:63:10:63:14 | input |
| test.c:63:10:63:14 | input | test.c:63:10:63:14 | input |
| test.c:63:10:63:14 | input | test.c:63:28:63:32 | input |
| test.c:63:28:63:32 | input | test.c:63:28:63:32 | input |
| test.c:63:28:63:32 | input | test.c:64:10:64:14 | input |
| test.c:64:10:64:14 | input | test.c:64:10:64:14 | input |
| test.c:64:10:64:14 | input | test.c:65:19:65:23 | input |
| test.c:65:19:65:23 | input | test.c:31:35:31:39 | input |
| test.c:65:19:65:23 | input | test.c:65:19:65:23 | input |
| test.c:70:28:70:32 | input | test.c:70:28:70:32 | input indirection |
| test.c:70:28:70:32 | input | test.c:70:28:70:32 | input indirection |
| test.c:70:28:70:32 | input indirection | test.c:70:28:70:32 | input |
| test.c:70:28:70:32 | input indirection | test.c:72:18:72:22 | input |
| test.c:70:28:70:32 | input indirection | test.c:72:18:72:22 | input |
| test.c:70:28:70:32 | input indirection | test.c:79:16:79:20 | input |
| test.c:70:28:70:32 | input indirection | test.c:79:16:79:20 | input |
| test.c:72:18:72:22 | input | test.c:72:18:72:22 | input |
| test.c:72:18:72:22 | input | test.c:72:18:72:22 | input |
| test.c:72:18:72:22 | input | test.c:73:18:73:22 | input |
| test.c:72:18:72:22 | input | test.c:73:18:73:22 | input |
| test.c:73:18:73:22 | input | test.c:73:18:73:22 | input |
| test.c:73:18:73:22 | input | test.c:73:18:73:22 | input |
| test.c:73:18:73:22 | input | test.c:74:19:74:23 | input |
| test.c:73:18:73:22 | input | test.c:74:19:74:23 | input |
| test.c:74:19:74:23 | input | test.c:74:19:74:23 | input |
| test.c:74:19:74:23 | input | test.c:74:19:74:23 | input |
| test.c:74:19:74:23 | input | test.c:75:21:75:25 | input |
| test.c:74:19:74:23 | input | test.c:75:21:75:25 | input |
| test.c:75:21:75:25 | input | test.c:31:35:31:39 | input |
| test.c:75:21:75:25 | input | test.c:31:35:31:39 | input |
| test.c:75:21:75:25 | input | test.c:75:21:75:25 | input |
| test.c:75:21:75:25 | input | test.c:75:21:75:25 | input |
| test.c:79:16:79:20 | input | test.c:79:16:79:20 | input |
| test.c:79:16:79:20 | input | test.c:79:16:79:20 | input |
| test.c:79:16:79:20 | input | test.c:80:16:80:20 | input |
| test.c:79:16:79:20 | input | test.c:80:16:80:20 | input |
| test.c:80:16:80:20 | input | test.c:80:16:80:20 | input |
| test.c:80:16:80:20 | input | test.c:80:16:80:20 | input |
| test.c:84:35:84:39 | input | test.c:84:35:84:39 | input indirection |
| test.c:84:35:84:39 | input | test.c:84:35:84:39 | input indirection |
| test.c:84:35:84:39 | input indirection | test.c:84:35:84:39 | input |
| test.c:84:35:84:39 | input indirection | test.c:86:12:86:16 | input |
| test.c:84:35:84:39 | input indirection | test.c:86:12:86:16 | input |
| test.c:84:35:84:39 | input indirection | test.c:93:10:93:14 | input |
| test.c:84:35:84:39 | input indirection | test.c:93:10:93:14 | input |
| test.c:86:12:86:16 | input | test.c:86:12:86:16 | input |
| test.c:86:12:86:16 | input | test.c:86:12:86:16 | input |
| test.c:86:12:86:16 | input | test.c:86:31:86:35 | input |
| test.c:86:12:86:16 | input | test.c:86:31:86:35 | input |
| test.c:86:31:86:35 | input | test.c:86:31:86:35 | input |
| test.c:86:31:86:35 | input | test.c:86:31:86:35 | input |
| test.c:86:31:86:35 | input | test.c:89:26:89:30 | input |
| test.c:86:31:86:35 | input | test.c:89:26:89:30 | input |
| test.c:89:26:89:30 | input | test.c:89:26:89:30 | input |
| test.c:89:26:89:30 | input | test.c:89:26:89:30 | input |
| test.c:93:10:93:14 | input | test.c:93:10:93:14 | input |
| test.c:93:10:93:14 | input | test.c:93:10:93:14 | input |
| test.c:93:10:93:14 | input | test.c:93:29:93:33 | input |
| test.c:93:10:93:14 | input | test.c:93:29:93:33 | input |
| test.c:93:29:93:33 | input | test.c:93:29:93:33 | input |
| test.c:93:29:93:33 | input | test.c:93:29:93:33 | input |
| test.c:104:29:104:33 | input | test.c:104:29:104:33 | input indirection |
| test.c:104:29:104:33 | input | test.c:104:29:104:33 | input indirection |
| test.c:104:29:104:33 | input indirection | test.c:104:29:104:33 | input |
| test.c:104:29:104:33 | input indirection | test.c:105:22:105:26 | input |
| test.c:104:29:104:33 | input indirection | test.c:105:22:105:26 | input |
| test.c:105:22:105:26 | input | test.c:36:48:36:52 | input |
| test.c:105:22:105:26 | input | test.c:36:48:36:52 | input |
| test.c:105:22:105:26 | input | test.c:105:22:105:26 | input |
| test.c:105:22:105:26 | input | test.c:105:22:105:26 | input |
| test.c:108:30:108:34 | input | test.c:108:30:108:34 | input indirection |
| test.c:108:30:108:34 | input | test.c:108:30:108:34 | input indirection |
| test.c:108:30:108:34 | input indirection | test.c:108:30:108:34 | input |
| test.c:108:30:108:34 | input indirection | test.c:109:20:109:24 | input |
| test.c:108:30:108:34 | input indirection | test.c:109:20:109:24 | input |
| test.c:109:20:109:24 | input | test.c:70:28:70:32 | input |
| test.c:109:20:109:24 | input | test.c:70:28:70:32 | input |
| test.c:109:20:109:24 | input | test.c:109:20:109:24 | input |
| test.c:109:20:109:24 | input | test.c:109:20:109:24 | input |
| test.c:112:37:112:41 | input | test.c:112:37:112:41 | input indirection |
| test.c:112:37:112:41 | input | test.c:112:37:112:41 | input indirection |
| test.c:112:37:112:41 | input indirection | test.c:112:37:112:41 | input |
| test.c:112:37:112:41 | input indirection | test.c:113:27:113:31 | input |
| test.c:112:37:112:41 | input indirection | test.c:113:27:113:31 | input |
| test.c:113:27:113:31 | input | test.c:84:35:84:39 | input |
| test.c:113:27:113:31 | input | test.c:84:35:84:39 | input |
| test.c:113:27:113:31 | input | test.c:113:27:113:31 | input |
| test.c:113:27:113:31 | input | test.c:113:27:113:31 | input |
#select
| test.c:31:35:31:39 | input | test.c:104:29:104:33 | input | test.c:31:35:31:39 | input | Partial flow |
| test.c:31:35:31:39 | input | test.c:108:30:108:34 | input | test.c:31:35:31:39 | input | Partial flow |
| test.c:36:48:36:52 | input | test.c:104:29:104:33 | input | test.c:36:48:36:52 | input | Partial flow |
| test.c:45:22:45:26 | input | test.c:104:29:104:33 | input | test.c:45:22:45:26 | input | Partial flow |
| test.c:70:28:70:32 | input | test.c:108:30:108:34 | input | test.c:70:28:70:32 | input | Partial flow |
| test.c:84:35:84:39 | input | test.c:112:37:112:41 | input | test.c:84:35:84:39 | input | Partial flow |
